LTspice 26.0.2 for Windows
Circuit: C:\Users\Lenovo\Documents\Universidad\2026-20\ORCA-Board\LTSpice\Buckboost_fixed.net
Start Time: Wed Sep  2 00:57:57 2026
Options:plotwinsize=0

.step c8_val=0.00047
solver = Alternate
Maximum thread count: 16
tnom = 27
temp = 27
method = modified trap
WARNING: Node n010 is floating.

d_d111: Emission coefficient, N=0.01, too small, this might lead to numerical problems.
d_d1: Emission coefficient, N=0.001, too small, this might lead to numerical problems.
d_d3: Emission coefficient, N=0.01, too small, this might lead to numerical problems.
Direct Newton iteration succeeded in finding operating point.

.step c8_val=0.00068
Direct Newton iteration succeeded in finding operating point.
Total elapsed time: 3393.841 seconds.

Files loaded:
C:\Users\Lenovo\Documents\Universidad\2026-20\ORCA-Board\LTSpice\Buckboost_fixed.net
C:\Users\Lenovo\AppData\Local\LTspice\lib\cmp\standard.dio
C:\Users\Lenovo\Documents\Universidad\2026-20\ORCA-Board\LTSpice\LM5175_TRANS.lib
C:\Users\Lenovo\Documents\Universidad\2026-20\ORCA-Board\LTSpice\PSMN3R2-40YLD.lib


Measurement: il_step_max
  step	MAX(I(L1)      )	FROM	TO
     1	14.3698797226	0.002	0.0035
     2	17.6330909729	0.002	0.0035

Measurement: il_step_min
  step	MIN(I(L1)      )	FROM	TO
     1	2.2019162178	0.002	0.0035
     2	1.85086894035	0.002	0.0035

Measurement: vo_under
  step	MIN(V(vout)    )	FROM	TO
     1	6.61158800125	0.002	0.0025
     2	6.56725311279	0.002	0.0025

Measurement: vo_load_avg
  step	AVG(V(vout)    )	FROM	TO
     1	7.19906140509	0.0032	0.0035
     2	7.20176524182	0.0032	0.0035

Measurement: vsense_peak
  step	MAX((I(L1)*5m) )	FROM	TO
     1	0.071849398613	0.002	0.0035
     2	0.0881654548645	0.002	0.0035

Measurement: vo_over
  step	MAX(V(vout)    )	FROM	TO
     1	7.63006305695	0.0035	0.0045
     2	7.59781169891	0.0035	0.0045

Measurement: p_in
  step	AVG((-V(VIN)*I(V1)) )	FROM	TO
     1	75.153040521	0.0032	0.0035
     2	75.5899987934	0.0032	0.0035

Measurement: p_out
  step	AVG((V(vout)*(V(vout)/R7_val + ILOAD_delta)) )	FROM	TO
     1	71.9899282863	0.0032	0.0035
     2	72.0250067216	0.0032	0.0035

Measurement: vo_reg
  step	AVG(V(vout)   )	FROM	TO
     1	7.19945541288	0.0017	0.002
     2	7.19940416597	0.0017	0.002
